........................................................................ [ 25%]
........................................................................ [ 50%]
........................................................................ [ 75%]
.....................................................................    [100%]
285 passed in 77.30s (0:01:17)
